[2026-09-21 08:25:45] Auto-crawler starting from page 6...
[2026-09-21 08:25:58] Page 6: Saved 30 domains, 30 details updated.
[2026-09-21 08:26:06] Page 7: Saved 30 domains, 30 details updated.
[2026-09-21 08:26:11] Page 8: Saved 30 domains, 30 details updated.
[2026-09-21 08:26:35] Page 9: Saved 30 domains, 30 details updated.
[2026-09-21 08:26:44] Page 10: Saved 30 domains, 30 details updated.
[2026-09-21 08:26:44] Exported 300 total domains to domains.json and domains.csv
[2026-09-21 08:26:51] Synced new domains to GitHub repository.
[2026-09-21 08:27:05] Page 11: Saved 30 domains, 30 details updated.
[2026-09-21 08:27:11] Page 12: Saved 30 domains, 30 details updated.
[2026-09-21 08:27:19] Page 13: Saved 30 domains, 30 details updated.
[2026-09-21 08:27:25] Page 14: Saved 30 domains, 30 details updated.
[2026-09-21 08:27:31] Page 15: Saved 30 domains, 30 details updated.
[2026-09-21 08:27:31] Exported 450 total domains to domains.json and domains.csv
[2026-09-21 08:27:42] Synced new domains to GitHub repository.
[2026-09-21 08:27:52] Page 16: Saved 30 domains, 30 details updated.
[2026-09-21 08:28:01] Page 17: Saved 30 domains, 30 details updated.
[2026-09-21 08:28:18] Page 18: Saved 30 domains, 30 details updated.
[2026-09-21 08:28:24] Page 19: Saved 30 domains, 30 details updated.
[2026-09-21 08:28:36] Page 20: Saved 30 domains, 30 details updated.
[2026-09-21 08:28:36] Exported 600 total domains to domains.json and domains.csv
[2026-09-21 08:28:50] Synced new domains to GitHub repository.
[2026-09-21 08:28:59] Page 21: Saved 30 domains, 30 details updated.
[2026-09-21 08:29:06] Page 22: Saved 30 domains, 30 details updated.
[2026-09-21 08:29:12] Page 23: Saved 30 domains, 30 details updated.
[2026-09-21 08:29:20] Page 24: Saved 30 domains, 30 details updated.
[2026-09-21 08:29:35] Page 25: Saved 30 domains, 30 details updated.
[2026-09-21 08:29:35] Exported 750 total domains to domains.json and domains.csv
[2026-09-21 08:29:42] Synced new domains to GitHub repository.
[2026-09-21 08:29:49] Page 26: Saved 30 domains, 30 details updated.
[2026-09-21 08:29:56] Page 27: Saved 30 domains, 30 details updated.
[2026-09-21 08:30:03] Page 28: Saved 30 domains, 30 details updated.
[2026-09-21 08:30:15] Page 29: Saved 30 domains, 30 details updated.
[2026-09-21 08:30:24] Page 30: Saved 30 domains, 30 details updated.
[2026-09-21 08:30:24] Exported 900 total domains to domains.json and domains.csv
[2026-09-21 08:30:31] Synced new domains to GitHub repository.
[2026-09-21 08:30:45] Page 31: Saved 30 domains, 30 details updated.
[2026-09-21 08:30:54] Page 32: Saved 30 domains, 30 details updated.
[2026-09-21 08:31:01] Page 33: Saved 30 domains, 30 details updated.
[2026-09-21 08:31:14] Page 34: Saved 30 domains, 30 details updated.
[2026-09-21 08:31:21] Page 35: Saved 30 domains, 30 details updated.
[2026-09-21 08:31:21] Exported 1050 total domains to domains.json and domains.csv
[2026-09-21 08:31:32] Synced new domains to GitHub repository.
[2026-09-21 08:34:41] Page 36: Saved 30 domains, 30 details updated.
[2026-09-21 08:36:03] Page 37: Saved 30 domains, 30 details updated.
[2026-09-21 08:37:31] Page 38: Saved 30 domains, 30 details updated.
[2026-09-21 08:38:47] Page 39: Saved 30 domains, 30 details updated.
[2026-09-21 08:40:05] Page 40: Saved 30 domains, 29 details updated.
[2026-09-21 08:40:05] Exported 1200 total domains to domains.json and domains.csv
[2026-09-21 08:40:18] Synced new domains to GitHub repository.
[2026-09-21 08:41:46] Page 41: Saved 30 domains, 0 details updated.
[2026-09-21 08:41:56] Page 42: Saved 30 domains, 0 details updated.
[2026-09-21 08:42:09] Page 43: Saved 30 domains, 0 details updated.
[2026-09-21 08:42:18] Page 44: Saved 30 domains, 0 details updated.
[2026-09-21 08:42:33] Page 45: Saved 30 domains, 0 details updated.
[2026-09-21 08:42:34] Exported 1350 total domains to domains.json and domains.csv
[2026-09-21 08:42:39] Synced new domains to GitHub repository.
[2026-09-21 08:43:10] Page 46: Saved 30 domains, 0 details updated.
[2026-09-21 08:44:13] Page 47: Saved 30 domains, 0 details updated.
[2026-09-21 08:44:32] Page 48: Saved 30 domains, 0 details updated.
[2026-09-21 08:44:47] Page 49: Saved 30 domains, 0 details updated.
[2026-09-21 08:44:56] Page 50: Saved 30 domains, 0 details updated.
[2026-09-21 08:44:56] Exported 1500 total domains to domains.json and domains.csv
[2026-09-21 08:45:03] Synced new domains to GitHub repository.
[2026-09-21 08:45:10] Page 51: Saved 30 domains, 30 details updated.
[2026-09-21 08:45:19] Page 52: Saved 30 domains, 30 details updated.
[2026-09-21 08:45:31] Page 53: Saved 30 domains, 30 details updated.
[2026-09-21 08:45:37] Page 54: Saved 30 domains, 30 details updated.
[2026-09-21 08:45:44] Page 55: Saved 30 domains, 30 details updated.
[2026-09-21 08:45:44] Exported 1650 total domains to domains.json and domains.csv
[2026-09-21 08:45:55] Synced new domains to GitHub repository.
[2026-09-21 08:46:06] Page 56: Saved 30 domains, 30 details updated.
[2026-09-21 08:46:17] Page 57: Saved 30 domains, 30 details updated.
[2026-09-21 08:46:25] Page 58: Saved 30 domains, 30 details updated.
[2026-09-21 08:46:33] Page 59: Saved 30 domains, 30 details updated.
[2026-09-21 08:46:39] Page 60: Saved 30 domains, 30 details updated.
[2026-09-21 08:46:39] Exported 1800 total domains to domains.json and domains.csv
[2026-09-21 08:46:50] Synced new domains to GitHub repository.
[2026-09-21 08:46:57] Page 61: Saved 30 domains, 30 details updated.
[2026-09-21 08:47:04] Page 62: Saved 30 domains, 30 details updated.
[2026-09-21 08:47:12] Page 63: Saved 30 domains, 30 details updated.
[2026-09-21 08:47:22] Page 64: Saved 30 domains, 30 details updated.
[2026-09-21 08:48:50] Page 65: Saved 30 domains, 30 details updated.
[2026-09-21 08:48:51] Exported 1950 total domains to domains.json and domains.csv
[2026-09-21 08:48:58] Synced new domains to GitHub repository.
[2026-09-21 08:49:07] Page 66: Saved 30 domains, 30 details updated.
[2026-09-21 08:49:27] Page 67: Saved 30 domains, 30 details updated.
[2026-09-21 08:49:33] Page 68: Saved 30 domains, 30 details updated.
[2026-09-21 08:49:40] Page 69: Saved 30 domains, 30 details updated.
[2026-09-21 08:49:47] Page 70: Saved 30 domains, 30 details updated.
[2026-09-21 08:49:47] Exported 2100 total domains to domains.json and domains.csv
[2026-09-21 08:49:50] Synced new domains to GitHub repository.
[2026-09-21 08:49:57] Page 71: Saved 30 domains, 30 details updated.
[2026-09-21 08:50:03] Page 72: Saved 30 domains, 30 details updated.
[2026-09-21 08:50:18] Page 73: Saved 30 domains, 30 details updated.
[2026-09-21 08:50:31] Page 74: Saved 30 domains, 30 details updated.
[2026-09-21 08:50:39] Page 75: Saved 30 domains, 30 details updated.
[2026-09-21 08:50:39] Exported 2250 total domains to domains.json and domains.csv
[2026-09-21 08:50:46] Synced new domains to GitHub repository.
[2026-09-21 08:50:54] Page 76: Saved 30 domains, 30 details updated.
[2026-09-21 08:51:00] Page 77: Saved 30 domains, 30 details updated.
[2026-09-21 08:51:07] Page 78: Saved 30 domains, 30 details updated.
[2026-09-21 08:51:14] Page 79: Saved 30 domains, 30 details updated.
[2026-09-21 08:51:25] Page 80: Saved 30 domains, 30 details updated.
[2026-09-21 08:51:25] Exported 2400 total domains to domains.json and domains.csv
[2026-09-21 08:51:33] Synced new domains to GitHub repository.
[2026-09-21 08:51:38] Page 81: Saved 30 domains, 30 details updated.
[2026-09-21 08:51:47] Page 82: Saved 30 domains, 30 details updated.
[2026-09-21 08:54:17] Page 83 returned empty. Waiting 10 seconds before retry...
[2026-09-21 08:54:41] Page 83 returned empty. Waiting 10 seconds before retry...
[2026-09-21 08:55:06] Page 83 returned empty. Waiting 10 seconds before retry...
[2026-09-21 08:55:29] Page 83 returned empty. Waiting 10 seconds before retry...
[2026-09-21 08:55:53] Page 83 returned empty. Waiting 10 seconds before retry...
[2026-09-21 08:56:17] Page 83 returned empty. Waiting 10 seconds before retry...
[2026-09-21 08:56:41] Page 83 returned empty. Waiting 10 seconds before retry...
[2026-09-21 08:57:05] Page 83 returned empty. Waiting 10 seconds before retry...
[2026-09-21 08:59:38] Page 83 returned empty. Waiting 10 seconds before retry...
[2026-09-21 09:00:02] Page 83 returned empty. Waiting 10 seconds before retry...
[2026-09-21 09:00:26] Page 83 returned empty. Waiting 10 seconds before retry...
[2026-09-21 09:00:50] Page 83 returned empty. Waiting 10 seconds before retry...
[2026-09-21 09:01:14] Page 83 returned empty. Waiting 10 seconds before retry...
[2026-09-21 09:01:38] Page 83 returned empty. Waiting 10 seconds before retry...
[2026-09-21 09:02:01] Page 83 returned empty. Waiting 10 seconds before retry...
[2026-09-21 09:02:25] Page 83 returned empty. Waiting 10 seconds before retry...
[2026-09-21 09:04:56] Page 83 returned empty. Waiting 10 seconds before retry...
[2026-09-21 09:05:20] Page 83 returned empty. Waiting 10 seconds before retry...
[2026-09-21 09:05:44] Page 83 returned empty. Waiting 10 seconds before retry...
[2026-09-21 09:06:08] Page 83 returned empty. Waiting 10 seconds before retry...
[2026-09-21 09:06:21] Session init error: HTTP Error 500: 
[2026-09-21 09:06:32] Page 83 returned empty. Waiting 10 seconds before retry...
[2026-09-21 09:10:45] Page 83 returned empty. Waiting 10 seconds before retry...
[2026-09-21 09:12:17] Page 83 returned empty. Waiting 10 seconds before retry...
[2026-09-21 09:12:40] Page 83 returned empty. Waiting 10 seconds before retry...
[2026-09-21 09:13:04] Page 83 returned empty. Waiting 10 seconds before retry...
[2026-09-21 09:15:57] Page 83 returned empty. Waiting 10 seconds before retry...
[2026-09-21 09:16:23] Page 83 returned empty. Waiting 10 seconds before retry...
[2026-09-21 09:16:50] Page 83 returned empty. Waiting 10 seconds before retry...
[2026-09-21 09:17:14] Page 83 returned empty. Waiting 10 seconds before retry...
[2026-09-21 09:17:37] Page 83 returned empty. Waiting 10 seconds before retry...
[2026-09-21 09:18:02] Page 83 returned empty. Waiting 10 seconds before retry...
[2026-09-21 09:21:11] Page 83 returned empty. Waiting 10 seconds before retry...
[2026-09-21 09:21:35] Page 83 returned empty. Waiting 10 seconds before retry...
[2026-09-21 09:21:59] Page 83 returned empty. Waiting 10 seconds before retry...
[2026-09-21 09:22:23] Page 83 returned empty. Waiting 10 seconds before retry...
[2026-09-21 09:22:47] Page 83 returned empty. Waiting 10 seconds before retry...
[2026-09-21 09:23:10] Page 83 returned empty. Waiting 10 seconds before retry...
[2026-09-21 09:26:28] Page 83 returned empty. Waiting 10 seconds before retry...
[2026-09-21 09:26:52] Page 83 returned empty. Waiting 10 seconds before retry...
[2026-09-21 09:27:16] Page 83 returned empty. Waiting 10 seconds before retry...
[2026-09-21 09:27:39] Page 83 returned empty. Waiting 10 seconds before retry...
[2026-09-21 09:28:03] Page 83 returned empty. Waiting 10 seconds before retry...
[2026-09-21 09:28:27] Page 83 returned empty. Waiting 10 seconds before retry...
[2026-09-21 09:31:49] Page 83 returned empty. Waiting 10 seconds before retry...
[2026-09-21 09:32:13] Page 83 returned empty. Waiting 10 seconds before retry...
[2026-09-21 09:32:36] Page 83 returned empty. Waiting 10 seconds before retry...
[2026-09-21 09:33:00] Page 83 returned empty. Waiting 10 seconds before retry...
[2026-09-21 09:33:25] Page 83 returned empty. Waiting 10 seconds before retry...
[2026-09-21 09:33:48] Page 83 returned empty. Waiting 10 seconds before retry...
[2026-09-21 09:37:09] Page 83 returned empty. Waiting 10 seconds before retry...
[2026-09-21 09:37:33] Page 83 returned empty. Waiting 10 seconds before retry...
[2026-09-21 09:37:56] Page 83 returned empty. Waiting 10 seconds before retry...
[2026-09-21 09:38:20] Page 83 returned empty. Waiting 10 seconds before retry...
[2026-09-21 09:38:44] Page 83 returned empty. Waiting 10 seconds before retry...
[2026-09-21 09:39:08] Page 83 returned empty. Waiting 10 seconds before retry...
[2026-09-21 09:42:30] Page 83 returned empty. Waiting 10 seconds before retry...
[2026-09-21 09:42:54] Page 83 returned empty. Waiting 10 seconds before retry...
[2026-09-21 09:43:17] Page 83 returned empty. Waiting 10 seconds before retry...
[2026-09-21 09:43:41] Page 83 returned empty. Waiting 10 seconds before retry...
[2026-09-21 09:44:05] Page 83 returned empty. Waiting 10 seconds before retry...
[2026-09-21 09:44:29] Page 83 returned empty. Waiting 10 seconds before retry...
[2026-09-21 09:47:50] Page 83 returned empty. Waiting 10 seconds before retry...
[2026-09-21 09:48:14] Page 83 returned empty. Waiting 10 seconds before retry...
[2026-09-21 09:48:38] Page 83 returned empty. Waiting 10 seconds before retry...
[2026-09-21 09:49:03] Page 83 returned empty. Waiting 10 seconds before retry...
[2026-09-27 09:11:36] Auto-crawler starting from page 83...
[2026-09-27 09:12:37] Page 83: Saved 30 domains, 30 details updated.
[2026-09-27 09:13:25] Page 84: Saved 30 domains, 30 details updated.
[2026-09-27 09:14:22] Page 85: Saved 30 domains, 30 details updated.
[2026-09-27 09:15:57] Page 86: Saved 30 domains, 30 details updated.
[2026-09-27 09:16:53] Page 87: Saved 30 domains, 30 details updated.
[2026-09-27 09:16:53] Exported 2476 total domains to domains.json and domains.csv
[2026-09-27 09:16:57] Synced new domains to GitHub repository.
[2026-09-27 09:17:07] Page 88: Saved 30 domains, 30 details updated.
[2026-09-27 09:17:17] Page 89: Saved 30 domains, 30 details updated.
[2026-09-27 09:17:30] Page 90: Saved 30 domains, 30 details updated.
[2026-09-27 09:18:33] Page 91: Saved 30 domains, 30 details updated.
[2026-09-27 09:18:44] Page 92: Saved 30 domains, 30 details updated.
[2026-09-27 09:18:44] Exported 2497 total domains to domains.json and domains.csv
[2026-09-27 09:18:47] Synced new domains to GitHub repository.
